== true
true
true
true
true
true
true
true
true
true
true
true
true
true
true
true
true
true
true

== false
false
false
false
false
false
false
false
false
false
false
false
false
false
false
false
false
false
false
false
false
false
false
false
false
false
false
false

!= true
true
true
true
true
true
true
true
true
true
true
true
true
true
true
true
true
true
true
true
true
true
true
true
true
true
true
true
true
true
true
true
true
true
true
true
true
true

!= false
false
false
false
false
false
false
false
false
false
false
false
false
false
false
false
false
false
false

< true
true
true
true
true
true
true
true
true
true
true
true
true

< false
false
false
false
false
false
false
false
false
false
false
false
false
false
false
false
false
false
false
false
false
false
false
false
false
false
false
false
false
false
false
false

<= true
true
true
true
true
true
true
true
true
true
true
true
true
true
true
true
true
true
true
true
true
true
true
true
true
true
true
true
true
true

<= false
false
false
false
false
false
false
false
false
false
false
false
false
false
false
false
false
false
false

> true
true
true
true
true
true
true
true
true
true
true
true

> false
false
false
false
false
false
false
false
false
false
false
false
false
false
false
false
false
false
false
false
false
false
false
false
false
false
false
false
false
false
false
false

>= true
true
true
true
true
true
true
true
true
true
true
true
true
true
true
true
true
true
true
true
true
true
true
true
true
true
true
true
true
true

>= false
false
false
false
false
false
false
false
false
false
false
false
false
false
false
false
false
false
false

!
false false
true true

&
219 219
0 0
0 0
false false
false false
false false
true true

|
255 255
219 219
0 0
false false
true true
true true
true true

^
36 36
219 219
0 0
false false
true true
true true
false false

~
false false
true true
-1 -1
-220 -220

<<
0 0
2 2
40 40
5 5
123 123
-2 -2
-60 -60

<<
0 0
0 0
2 2
20 20
123 123
-1 -1
-15 -15

+
0 0
2 2
2 2
4 4
0.0 0.0
1.0 1.0
2.0 2.0
7.0 7.0
2.5 2.5
2.5 2.5
expect nothing: 
ab ab
a1 a1
1.2a 1.2a
anull anull
nulla nulla
atrue atrue
falsea falsea
nullnull nullnull
4null 4null
null3.2 null3.2
expect nothing: 
5 5
foo foo

-
0 0
-1 -1
2.0 2.0
0.0 0.0
1.5 1.5
1.0 1.0
0 0
-1 -1
-0.0 -0.0
-1.0 -1.0

*
0 0
6 6
2.0 2.0
0.0 0.0
10.2 10.2
2.4 2.4

/
0 0
0 0
2 2
0.5 0.5
0.0 0.0
0.55 0.55
2.5 2.5

%
1 1
1.0 1.0
1.0 1.0
1.0 1.0
-1 -1
-1.0 -1.0
-1.0 -1.0
-1.0 -1.0
1 1
1.0 1.0
1.0 1.0
1.0 1.0
-1 -1
-1.0 -1.0
-1.0 -1.0
-1.0 -1.0

%%
1 1
1.0 1.0
1.0 1.0
1.0 1.0
1 1
1.0 1.0
1.0 1.0
1.0 1.0

**
4 4
4.0 4.0
4.0 4.0
4.0 4.0

[]
1 1
d d
