== true
true
true
true
true
true

== false
false
false
false

!= true
true
true
true

!= false
false
false
false
false
false

+
expect nothing: 
blort blort
10 10
10.5 10.5
