== true
true
true

== false
false
false

!= true
true
true

!= false
false
false

< true
true
true

< false
false
false

> true
true
true

> false
false
false

<= true
true
true

<= false
false
false

>= true
true
true

>= false
false
false

+
0 0
4 4
5 5
-20 -20
5 5
5 5
-5 -5
-5 -5
1 1
0 0

-
0 0
-3 -3
-3 -3
0 0

*
66 66
0 0
-64 -64

/
7 7
8 8
-1 -1

%
1 1
0 0
0 0
-1 -1
-1 -1

%%
1 1
0 0
0 0
1 1

**
1 1
256 256

&
1 1
0 0
72 72
5400 5400
0 0

|
1 1
24 24
507 507
-1 -1
5400 5400

^
0 0
24 24
435 435
-5401 -5401
5400 5400

<<
1 1
46 46
32 32
1 1

>>
1 1
11 11
16 16
14 14

~
-6 -6
0 0
