Hi!

:=
4 4
1z 1z
zzoo zzoo
true true
false false
true true
false false
true true
false false
true true
false false
0 0
3 3
3 3
4 4
0 0
2 2
0 0
1 1
1 1
9 6
2 2
-2 -2
true true
-1 -1
boo boo
boo boo
boo boo

=~
tr tr
fal fal
tru tru
fal fal
tru tru
fal fal
tru tru
fal fal
2 2
1 1
1 1
6 6
6 6
0 0
0 0
3 3
3 3
1 1
51 51
251 251
tr tr
1 1
b b
b b
zor zor

||
3 3
false false
1 1
true true
1 1
true true
1 1
true true
1 1
true true
1 1
true true
1 1
true true
1 1
3 3
1 1
1 1
1 1
1 1
1 1
1 1
1 1
1 1
1 1
1 1
1 1
1 1
1 1
3 3
1 1
3 3
1 1
3 3
1 1
3 3
1 1
3 3
3 3
3 3
true true
-1 -1
3 3
3 3
1 1
true true

&&
true true
false false
true true
false false
true true
1 1
true true
3 3
true true
0 0
true true
4 4
2 2
1 1
6 6
1 1
6 6
1 1
16 16
3 3
4 1
2 2
5 5
4 4
-1 -1
3 3
6 6
3 3
2 2
1 2
7 7
2 2
7 7
2 2
8 8
3 3
0 0
2 2
2 2
2 2
boo boo
boo boo
true true
5 5


==
false true
true false
true false
true false
true false
true false
false true
false true
true 0
true 0
false 3
false -3
false 0
false 0
false 0
false 0
false 0
false true
true false
true false
true false
true false
true false
false true
false true
true 1
true 8
true 1
false 1
false 0
false 1
false 0
false 0
false 1
true 1
false -1
false true
false -2
true true
true true
false false

!=
true false
true false
true false
true false
false true
false true
true false
false 8
false 0
true 4
true -2
true 3
true 0
true 1
true 1
true 1
true false
true false
true false
true false
false true
false true
true false
false 2
false 4
false 2
true 0
true 1
true 1
true 0
true 0
true 1
false 0
true 0
true false
true -1
false false
false false
true true

<
true false
true false
true false
false true
false true
true false
false 0
false 0
true 4
false -2
true 3
false 0
true 1
true 1
true 1
true false
false true
false true
true false
false true
false true
false 2
false 8
false 2
true 0
true 1
true 1
true 0
true 0
true 1
false 0
true 0
false true
true -1
false false
false false
false false

>
true false
true false
true false
false true
false true
false 8
false 0
false 3
true -3
false 0
true 0
false 0
false 0
false 0
false true
true false
false true
false true
true false
false 1
false 4
false 1
false 1
false 0
false 1
false 0
false 0
false 1
false 0
false 0
false true
false -1
false false
false false
false false

<=
false true
true false
false true
true false
true 0
true 0
true 4
false -2
true 3
false 0
true 1
true 1
true 1
true false
true false
false true
false true
true 2
true 8
true 2
true 0
true 1
true 1
true 0
true 0
true 1
true 1
true -1
false true
true -2
true true
true true
false false

>=
true false
false true
false true
true 8
true 0
false 3
true -3
false 0
true 0
false 0
false 0
false 0
true false
false true
true false
true 1
true 4
true 1
false 1
false 0
false 1
true 0
true 0
false 1
true 1
false -1
false true
false -2
true true
true true
false false

&
23 5
16 0
8 0
1 0
1 3
1 -3
4 0
1 7
2 0
2 1
0 128
5 7
4 6
8 1
1 4
3 7
3 -1
2 14
0 7
1 0
1 0
8 2
1 -1
false true
0 -2
true true
true true
false false

|
20 21
8 72
5 1
5 6
-1 0
14 42
63 21
55 0
15 1
143 170859375
5 4
8 2048
3 1
11 14
-1 -2
15 21
95 0
93 7
93 7
93 39614081257132168796771975168
-1 -3
true false
-1 -2
true true
true true
true true

^
0 72
5 1
4 6
-2 0
10 42
62 14
53 0
13 0
143 62748517
0 2048
3 4
8 14
-4 0
13 7
95 0
92 7
92 7
85 19807040628566084398385987584
-4 -2
false true
false true
true true

<<
32 2
32 7
0 1
768 144
28160 9842633386
220 2
60 0
5104235503814076951950619111476523171840 2799360000000
2 0
88 39
-8 -15
4 0
19807040628566084398385987584 0
9903520314283042199192993792 7
9903520314283042199192993792 7
128 281474976710656
-1 0
-4 -3
4 4
16 16

>>
0 3
2 -3
0 9
27 0
13 0
3 0
0 2187
1 7
-1 1
1 0
1 7
2 1
2 1
0 1
-1 0
0 0
0 0

+
18 42
56 2
57 0
17 2
143 410338673
17 35
3 1
2 3
2 3
101 79228162514264337593543950336
2 -4
3 3
5 5

-
6 30
54 0
53 2
13 1
-113 62748517
11 -7
1 3
0 1
0 1
7 4
-4 2
-1 -1
-3 -3

*
49 0
2 110
0 30
1920 21870000000
8 0
4 7
4 7
72 134217728
-6 -4
2 2
4 4

/
1 27
0 7
0 823543
2 0
2 0
0 1
0 -1
0 0
0 0

%
0 -1
-15 -1
2 0
2 1
1 1
1 1

%%
113 1
2 1
1 -2
1 1
1 1

**
1 -1
-8 -2
1 1
1 1

unary + - ! ~
1 1
-1 -1
-2 -2
false false
1 1
-1 -1
-2 -2
false false
-1 -1
1 1
2 2
-2 -2
0 2
1 1
true true
false false
false false
false false
true true
false false
false

unary (...) [...]
4 4
5 5
1 1
