== true
true
true
true
true
true
true
true
true
true
true
true
true
true

== false
false
false
false
false
false
false
false
false
false
false

!= true
true
true
true
true
true
true
true
true
true
true

!= false
false
false
false
false
false
false
false
false
false
false
false
false
false

< true
true
true
true
true
true

< false
false
false
false
false
false

> true
true
true
true
true
true

> false
false
false
false
false
false

<= true
true
true
true
true
true
true
true
true

<= false
false
false
false
false

>= true
true
true
true
true
true
true
true
true

>= false
false
false
false
false

+
expect nothing: 
ab ab
nullnull nullnull
falsetrue falsetrue
not false not false
boo boo
boonull boonull
null null
false false
true true
10.0 10.0
zorch zorch
